{
  "version": "1.5.0",
  "plugins_used": [
    {
      "name": "ArtifactoryDetector"
    },
    {
      "name": "AWSKeyDetector"
    },
    {
      "name": "AzureStorageKeyDetector"
    },
    {
      "name": "Base64HighEntropyString",
      "limit": 4.5
    },
    {
      "name": "BasicAuthDetector"
    },
    {
      "name": "CloudantDetector"
    },
    {
      "name": "DiscordBotTokenDetector"
    },
    {
      "name": "GitHubTokenDetector"
    },
    {
      "name": "GitLabTokenDetector"
    },
    {
      "name": "HexHighEntropyString",
      "limit": 3.0
    },
    {
      "name": "IbmCloudIamDetector"
    },
    {
      "name": "IbmCosHmacDetector"
    },
    {
      "name": "IPPublicDetector"
    },
    {
      "name": "JwtTokenDetector"
    },
    {
      "name": "KeywordDetector",
      "keyword_exclude": ""
    },
    {
      "name": "MailchimpDetector"
    },
    {
      "name": "NpmDetector"
    },
    {
      "name": "OpenAIDetector"
    },
    {
      "name": "PrivateKeyDetector"
    },
    {
      "name": "PypiTokenDetector"
    },
    {
      "name": "SendGridDetector"
    },
    {
      "name": "SlackDetector"
    },
    {
      "name": "SoftlayerDetector"
    },
    {
      "name": "SquareOAuthDetector"
    },
    {
      "name": "StripeDetector"
    },
    {
      "name": "TelegramBotTokenDetector"
    },
    {
      "name": "TwilioKeyDetector"
    }
  ],
  "filters_used": [
    {
      "path": "detect_secrets.filters.allowlist.is_line_allowlisted"
    },
    {
      "path": "detect_secrets.filters.common.is_baseline_file",
      "filename": ".secrets.baseline"
    },
    {
      "path": "detect_secrets.filters.common.is_ignored_due_to_verification_policies",
      "min_level": 2
    },
    {
      "path": "detect_secrets.filters.heuristic.is_indirect_reference"
    },
    {
      "path": "detect_secrets.filters.heuristic.is_likely_id_string"
    },
    {
      "path": "detect_secrets.filters.heuristic.is_lock_file"
    },
    {
      "path": "detect_secrets.filters.heuristic.is_not_alphanumeric_string"
    },
    {
      "path": "detect_secrets.filters.heuristic.is_potential_uuid"
    },
    {
      "path": "detect_secrets.filters.heuristic.is_prefixed_with_dollar_sign"
    },
    {
      "path": "detect_secrets.filters.heuristic.is_sequential_string"
    },
    {
      "path": "detect_secrets.filters.heuristic.is_swagger_file"
    },
    {
      "path": "detect_secrets.filters.heuristic.is_templated_secret"
    }
  ],
  "results": {
    "examples/frameworks/langchain/langchain_tool_example.py": [
      {
        "type": "Secret Keyword",
        "filename": "examples/frameworks/langchain/langchain_tool_example.py",
        "hashed_secret": "bcccf2b1e6e4d376859c0a75296e0ae437a1b0ee",
        "is_verified": false,
        "line_number": 14,
        "is_secret": true
      }
    ],
    "src/kiboai/application/factory.py": [
      {
        "type": "Secret Keyword",
        "filename": "src/kiboai/application/factory.py",
        "hashed_secret": "d094e5bfe8f71fddcfe1a9dfe78e3fbe6862bb27",
        "is_verified": false,
        "line_number": 31,
        "is_secret": true
      }
    ],
    "src/kiboai/application/workflow_factory_agno.py": [
      {
        "type": "Secret Keyword",
        "filename": "src/kiboai/application/workflow_factory_agno.py",
        "hashed_secret": "d094e5bfe8f71fddcfe1a9dfe78e3fbe6862bb27",
        "is_verified": false,
        "line_number": 90,
        "is_secret": true
      }
    ],
    "src/kiboai/infrastructure/memory.py": [
      {
        "type": "Secret Keyword",
        "filename": "src/kiboai/infrastructure/memory.py",
        "hashed_secret": "8fc386cdc256a78faae7bc1cd6a5b6e683b55c6d",
        "is_verified": false,
        "line_number": 38,
        "is_secret": true
      }
    ]
  },
  "generated_at": "2026-02-18T19:01:35Z"
}
